Archive member included to satisfy reference by file (symbol)

C:/ST/STM32CubeIDE_1.13.1/STM32CubeIDE/plugins/com.st.stm32cube.ide.mcu.externaltools.gnu-tools-for-stm32.11.3.rel1.win32_1.1.0.202305231506/tools/bin/../lib/gcc/arm-none-eabi/11.3.1/../../../../arm-none-eabi/lib/thumb/v7-m/nofp\libc_nano.a(libc_a-exit.o)
                              C:/ST/STM32CubeIDE_1.13.1/STM32CubeIDE/plugins/com.st.stm32cube.ide.mcu.externaltools.gnu-tools-for-stm32.11.3.rel1.win32_1.1.0.202305231506/tools/bin/../lib/gcc/arm-none-eabi/11.3.1/../../../../arm-none-eabi/lib/thumb/v7-m/nofp/crt0.o (exit)
C:/ST/STM32CubeIDE_1.13.1/STM32CubeIDE/plugins/com.st.stm32cube.ide.mcu.externaltools.gnu-tools-for-stm32.11.3.rel1.win32_1.1.0.202305231506/tools/bin/../lib/gcc/arm-none-eabi/11.3.1/../../../../arm-none-eabi/lib/thumb/v7-m/nofp\libc_nano.a(libc_a-findfp.o)
                              C:/ST/STM32CubeIDE_1.13.1/STM32CubeIDE/plugins/com.st.stm32cube.ide.mcu.externaltools.gnu-tools-for-stm32.11.3.rel1.win32_1.1.0.202305231506/tools/bin/../lib/gcc/arm-none-eabi/11.3.1/../../../../arm-none-eabi/lib/thumb/v7-m/nofp\libc_nano.a(libc_a-exit.o) (__stdio_exit_handler)
C:/ST/STM32CubeIDE_1.13.1/STM32CubeIDE/plugins/com.st.stm32cube.ide.mcu.externaltools.gnu-tools-for-stm32.11.3.rel1.win32_1.1.0.202305231506/tools/bin/../lib/gcc/arm-none-eabi/11.3.1/../../../../arm-none-eabi/lib/thumb/v7-m/nofp\libc_nano.a(libc_a-fwalk.o)
                              C:/ST/STM32CubeIDE_1.13.1/STM32CubeIDE/plugins/com.st.stm32cube.ide.mcu.externaltools.gnu-tools-for-stm32.11.3.rel1.win32_1.1.0.202305231506/tools/bin/../lib/gcc/arm-none-eabi/11.3.1/../../../../arm-none-eabi/lib/thumb/v7-m/nofp\libc_nano.a(libc_a-findfp.o) (_fwalk_sglue)
C:/ST/STM32CubeIDE_1.13.1/STM32CubeIDE/plugins/com.st.stm32cube.ide.mcu.externaltools.gnu-tools-for-stm32.11.3.rel1.win32_1.1.0.202305231506/tools/bin/../lib/gcc/arm-none-eabi/11.3.1/../../../../arm-none-eabi/lib/thumb/v7-m/nofp\libc_nano.a(libc_a-stdio.o)
                              C:/ST/STM32CubeIDE_1.13.1/STM32CubeIDE/plugins/com.st.stm32cube.ide.mcu.externaltools.gnu-tools-for-stm32.11.3.rel1.win32_1.1.0.202305231506/tools/bin/../lib/gcc/arm-none-eabi/11.3.1/../../../../arm-none-eabi/lib/thumb/v7-m/nofp\libc_nano.a(libc_a-findfp.o) (__sread)
C:/ST/STM32CubeIDE_1.13.1/STM32CubeIDE/plugins/com.st.stm32cube.ide.mcu.externaltools.gnu-tools-for-stm32.11.3.rel1.win32_1.1.0.202305231506/tools/bin/../lib/gcc/arm-none-eabi/11.3.1/../../../../arm-none-eabi/lib/thumb/v7-m/nofp\libc_nano.a(libc_a-memset.o)
                              C:/ST/STM32CubeIDE_1.13.1/STM32CubeIDE/plugins/com.st.stm32cube.ide.mcu.externaltools.gnu-tools-for-stm32.11.3.rel1.win32_1.1.0.202305231506/tools/bin/../lib/gcc/arm-none-eabi/11.3.1/../../../../arm-none-eabi/lib/thumb/v7-m/nofp/crt0.o (memset)
C:/ST/STM32CubeIDE_1.13.1/STM32CubeIDE/plugins/com.st.stm32cube.ide.mcu.externaltools.gnu-tools-for-stm32.11.3.rel1.win32_1.1.0.202305231506/tools/bin/../lib/gcc/arm-none-eabi/11.3.1/../../../../arm-none-eabi/lib/thumb/v7-m/nofp\libc_nano.a(libc_a-closer.o)
                              C:/ST/STM32CubeIDE_1.13.1/STM32CubeIDE/plugins/com.st.stm32cube.ide.mcu.externaltools.gnu-tools-for-stm32.11.3.rel1.win32_1.1.0.202305231506/tools/bin/../lib/gcc/arm-none-eabi/11.3.1/../../../../arm-none-eabi/lib/thumb/v7-m/nofp\libc_nano.a(libc_a-stdio.o) (_close_r)
C:/ST/STM32CubeIDE_1.13.1/STM32CubeIDE/plugins/com.st.stm32cube.ide.mcu.externaltools.gnu-tools-for-stm32.11.3.rel1.win32_1.1.0.202305231506/tools/bin/../lib/gcc/arm-none-eabi/11.3.1/../../../../arm-none-eabi/lib/thumb/v7-m/nofp\libc_nano.a(libc_a-reent.o)
                              C:/ST/STM32CubeIDE_1.13.1/STM32CubeIDE/plugins/com.st.stm32cube.ide.mcu.externaltools.gnu-tools-for-stm32.11.3.rel1.win32_1.1.0.202305231506/tools/bin/../lib/gcc/arm-none-eabi/11.3.1/../../../../arm-none-eabi/lib/thumb/v7-m/nofp\libc_nano.a(libc_a-closer.o) (errno)
C:/ST/STM32CubeIDE_1.13.1/STM32CubeIDE/plugins/com.st.stm32cube.ide.mcu.externaltools.gnu-tools-for-stm32.11.3.rel1.win32_1.1.0.202305231506/tools/bin/../lib/gcc/arm-none-eabi/11.3.1/../../../../arm-none-eabi/lib/thumb/v7-m/nofp\libc_nano.a(libc_a-impure.o)
                              C:/ST/STM32CubeIDE_1.13.1/STM32CubeIDE/plugins/com.st.stm32cube.ide.mcu.externaltools.gnu-tools-for-stm32.11.3.rel1.win32_1.1.0.202305231506/tools/bin/../lib/gcc/arm-none-eabi/11.3.1/../../../../arm-none-eabi/lib/thumb/v7-m/nofp\libc_nano.a(libc_a-reent.o) (_impure_ptr)
C:/ST/STM32CubeIDE_1.13.1/STM32CubeIDE/plugins/com.st.stm32cube.ide.mcu.externaltools.gnu-tools-for-stm32.11.3.rel1.win32_1.1.0.202305231506/tools/bin/../lib/gcc/arm-none-eabi/11.3.1/../../../../arm-none-eabi/lib/thumb/v7-m/nofp\libc_nano.a(libc_a-lseekr.o)
[...]
Memory Configuration

Name             Origin             Length             Attributes
RAM              0x0000000020000000 0x0000000000005000 xrw
FLASH            0x0000000008000000 0x0000000000010000 xr
*default*        0x0000000000000000 0xffffffffffffffff

Linker script and memory map

LOAD C:/ST/STM32CubeIDE_1.13.1/STM32CubeIDE/plugins/com.st.stm32cube.ide.mcu.externaltools.gnu-tools-for-stm32.11.3.rel1.win32_1.1.0.202305231506/tools/bin/../lib/gcc/arm-none-eabi/11.3.1/thumb/v7-m/nofp/crti.o
LOAD C:/ST/STM32CubeIDE_1.13.1/STM32CubeIDE/plugins/com.st.stm32cube.ide.mcu.externaltools.gnu-tools-for-stm32.11.3.rel1.win32_1.1.0.202305231506/tools/bin/../lib/gcc/arm-none-eabi/11.3.1/thumb/v7-m/nofp/crtbegin.o
LOAD C:/ST/STM32CubeIDE_1.13.1/STM32CubeIDE/plugins/com.st.stm32cube.ide.mcu.externaltools.gnu-tools-for-stm32.11.3.rel1.win32_1.1.0.202305231506/tools/bin/../lib/gcc/arm-none-eabi/11.3.1/../../../../arm-none-eabi/lib/thumb/v7-m/nofp/crt0.o
LOAD ./Core/Src/DHT.o
LOAD ./Core/Src/SX1278.o
LOAD ./Core/Src/SX1278_hw.o
LOAD ./Core/Src/main.o
LOAD ./Core/Src/stm32f1xx_hal_msp.o
LOAD ./Core/Src/stm32f1xx_it.o
LOAD ./Core/Src/syscalls.o
LOAD ./Core/Src/sysmem.o
LOAD ./Core/Src/system_stm32f1xx.o
LOAD ./Core/Startup/startup_stm32f103c8tx.o
LOAD ./Drivers/STM32F1xx_HAL_Driver/Src/stm32f1xx_hal.o
LOAD ./Drivers/STM32F1xx_HAL_Driver/Src/stm32f1xx_hal_adc.o
LOAD ./Drivers/STM32F1xx_HAL_Driver/Src/stm32f1xx_hal_adc_ex.o
LOAD ./Drivers/STM32F1xx_HAL_Driver/Src/stm32f1xx_hal_cortex.o
LOAD ./Drivers/STM32F1xx_HAL_Driver/Src/stm32f1xx_hal_dma.o
LOAD ./Drivers/STM32F1xx_HAL_Driver/Src/stm32f1xx_hal_exti.o
LOAD ./Drivers/STM32F1xx_HAL_Driver/Src/stm32f1xx_hal_flash.o
LOAD ./Drivers/STM32F1xx_HAL_Driver/Src/stm32f1xx_hal_flash_ex.o
LOAD ./Drivers/STM32F1xx_HAL_Driver/Src/stm32f1xx_hal_gpio.o
LOAD ./Drivers/STM32F1xx_HAL_Driver/Src/stm32f1xx_hal_gpio_ex.o
LOAD ./Drivers/STM32F1xx_HAL_Driver/Src/stm32f1xx_hal_pwr.o
LOAD ./Drivers/STM32F1xx_HAL_Driver/Src/stm32f1xx_hal_rcc.o
LOAD ./Drivers/STM32F1xx_HAL_Driver/Src/stm32f1xx_hal_rcc_ex.o
LOAD ./Drivers/STM32F1xx_HAL_Driver/Src/stm32f1xx_hal_spi.o
LOAD ./Drivers/STM32F1xx_HAL_Driver/Src/stm32f1xx_hal_tim.o
LOAD ./Drivers/STM32F1xx_HAL_Driver/Src/stm32f1xx_hal_tim_ex.o
START GROUP
LOAD C:/ST/STM32CubeIDE_1.13.1/STM32CubeIDE/plugins/com.st.stm32cube.ide.mcu.externaltools.gnu-tools-for-stm32.11.3.rel1.win32_1.1.0.202305231506/tools/bin/../lib/gcc/arm-none-eabi/11.3.1/../../../../arm-none-eabi/lib/thumb/v7-m/nofp\libc_nano.a
LOAD C:/ST/STM32CubeIDE_1.13.1/STM32CubeIDE/plugins/com.st.stm32cube.ide.mcu.externaltools.gnu-tools-for-stm32.11.3.rel1.win32_1.1.0.202305231506/tools/bin/../lib/gcc/arm-none-eabi/11.3.1/../../../../arm-none-eabi/lib/thumb/v7-m/nofp\libm.a
END GROUP
START GROUP
LOAD C:/ST/STM32CubeIDE_1.13.1/STM32CubeIDE/plugins/com.st.stm32cube.ide.mcu.externaltools.gnu-tools-for-stm32.11.3.rel1.win32_1.1.0.202305231506/tools/bin/../lib/gcc/arm-none-eabi/11.3.1/thumb/v7-m/nofp\libgcc.a
LOAD C:/ST/STM32CubeIDE_1.13.1/STM32CubeIDE/plugins/com.st.stm32cube.ide.mcu.externaltools.gnu-tools-for-stm32.11.3.rel1.win32_1.1.0.202305231506/tools/bin/../lib/gcc/arm-none-eabi/11.3.1/../../../../arm-none-eabi/lib/thumb/v7-m/nofp\libc_nano.a
END GROUP
START GROUP
LOAD C:/ST/STM32CubeIDE_1.13.1/STM32CubeIDE/plugins/com.st.stm32cube.ide.mcu.externaltools.gnu-tools-for-stm32.11.3.rel1.win32_1.1.0.202305231506/tools/bin/../lib/gcc/arm-none-eabi/11.3.1/thumb/v7-m/nofp\libgcc.a
LOAD C:/ST/STM32CubeIDE_1.13.1/STM32CubeIDE/plugins/com.st.stm32cube.ide.mcu.externaltools.gnu-tools-for-stm32.11.3.rel1.win32_1.1.0.202305231506/tools/bin/../lib/gcc/arm-none-eabi/11.3.1/../../../../arm-none-eabi/lib/thumb/v7-m/nofp\libc_nano.a
LOAD C:/ST/STM32CubeIDE_1.13.1/STM32CubeIDE/plugins/com.st.stm32cube.ide.mcu.externaltools.gnu-tools-for-stm32.11.3.rel1.win32_1.1.0.202305231506/tools/bin/../lib/gcc/arm-none-eabi/11.3.1/../../../../arm-none-eabi/lib/thumb/v7-m/nofp\libnosys.a
END GROUP
START GROUP
LOAD C:/ST/STM32CubeIDE_1.13.1/STM32CubeIDE/plugins/com.st.stm32cube.ide.mcu.externaltools.gnu-tools-for-stm32.11.3.rel1.win32_1.1.0.202305231506/tools/bin/../lib/gcc/arm-none-eabi/11.3.1/thumb/v7-m/nofp\libgcc.a
LOAD C:/ST/STM32CubeIDE_1.13.1/STM32CubeIDE/plugins/com.st.stm32cube.ide.mcu.externaltools.gnu-tools-for-stm32.11.3.rel1.win32_1.1.0.202305231506/tools/bin/../lib/gcc/arm-none-eabi/11.3.1/../../../../arm-none-eabi/lib/thumb/v7-m/nofp\libc_nano.a
LOAD C:/ST/STM32CubeIDE_1.13.1/STM32CubeIDE/plugins/com.st.stm32cube.ide.mcu.externaltools.gnu-tools-for-stm32.11.3.rel1.win32_1.1.0.202305231506/tools/bin/../lib/gcc/arm-none-eabi/11.3.1/../../../../arm-none-eabi/lib/thumb/v7-m/nofp\libnosys.a
END GROUP
LOAD C:/ST/STM32CubeIDE_1.13.1/STM32CubeIDE/plugins/com.st.stm32cube.ide.mcu.externaltools.gnu-tools-for-stm32.11.3.rel1.win32_1.1.0.202305231506/tools/bin/../lib/gcc/arm-none-eabi/11.3.1/thumb/v7-m/nofp/crtend.o
LOAD C:/ST/STM32CubeIDE_1.13.1/STM32CubeIDE/plugins/com.st.stm32cube.ide.mcu.externaltools.gnu-tools-for-stm32.11.3.rel1.win32_1.1.0.202305231506/tools/bin/../lib/gcc/arm-none-eabi/11.3.1/thumb/v7-m/nofp/crtn.o
                0x0000000020005000                _estack = (ORIGIN (RAM) + LENGTH (RAM))
                0x0000000000000200                _Min_Heap_Size = 0x200
                0x0000000000000400                _Min_Stack_Size = 0x400

.isr_vector     0x0000000008000000      0x10c
                0x0000000008000000                . = ALIGN (0x4)
 *(.isr_vector)
 .isr_vector    0x0000000008000000      0x10c ./Core/Startup/startup_stm32f103c8tx.o
                0x0000000008000000                g_pfnVectors
                0x000000000800010c                . = ALIGN (0x4)

.text           0x0000000008000110     0x37ec
                0x0000000008000110                . = ALIGN (0x4)
 *(.text)
 .text          0x0000000008000110       0x40 C:/ST/STM32CubeIDE_1.13.1/STM32CubeIDE/plugins/com.st.stm32cube.ide.mcu.externaltools.gnu-tools-for-stm32.11.3.rel1.win32_1.1.0.202305231506/tools/bin/../lib/gcc/arm-none-eabi/11.3.1/thumb/v7-m/nofp/crtbegin.o
 .text          0x0000000008000150       0x30 C:/ST/STM32CubeIDE_1.13.1/STM32CubeIDE/plugins/com.st.stm32cube.ide.mcu.externaltools.gnu-tools-for-stm32.11.3.rel1.win32_1.1.0.202305231506/tools/bin/../lib/gcc/arm-none-eabi/11.3.1/thumb/v7-m/nofp\libgcc.a(_aeabi_uldivmod.o)
                0x0000000008000150                __aeabi_uldivmod
 .text          0x0000000008000180      0x2cc C:/ST/STM32CubeIDE_1.13.1/STM32CubeIDE/plugins/com.st.stm32cube.ide.mcu.externaltools.gnu-tools-for-stm32.11.3.rel1.win32_1.1.0.202305231506/tools/bin/../lib/gcc/arm-none-eabi/11.3.1/thumb/v7-m/nofp\libgcc.a(_udivmoddi4.o)
                0x0000000008000180                __udivmoddi4
 .text          0x000000000800044c        0x4 C:/ST/STM32CubeIDE_1.13.1/STM32CubeIDE/plugins/com.st.stm32cube.ide.mcu.externaltools.gnu-tools-for-stm32.11.3.rel1.win32_1.1.0.202305231506/tools/bin/../lib/gcc/arm-none-eabi/11.3.1/thumb/v7-m/nofp\libgcc.a(_dvmd_tls.o)
                0x000000000800044c                __aeabi_idiv0
                0x000000000800044c                __aeabi_ldiv0
 *(.text*)
 .text.SX1278_SPIRead
                0x0000000008000450       0x3e ./Core/Src/SX1278.o
                0x0000000008000450                SX1278_SPIRead
 .text.SX1278_SPIWrite
                0x000000000800048e       0x52 ./Core/Src/SX1278.o
                0x000000000800048e                SX1278_SPIWrite
 .text.SX1278_SPIBurstRead
                0x00000000080004e0       0x72 ./Core/Src/SX1278.o
                0x00000000080004e0                SX1278_SPIBurstRead
 .text.SX1278_SPIBurstWrite
                0x0000000008000552       0x76 ./Core/Src/SX1278.o
                0x0000000008000552                SX1278_SPIBurstWrite
 .text.SX1278_config
                0x00000000080005c8      0x208 ./Core/Src/SX1278.o
                0x00000000080005c8                SX1278_config
 .text.SX1278_standby
                0x00000000080007d0       0x20 ./Core/Src/SX1278.o
                0x00000000080007d0                SX1278_standby
 .text.SX1278_sleep
                0x00000000080007f0       0x20 ./Core/Src/SX1278.o
                0x00000000080007f0                SX1278_sleep
 .text.SX1278_entryLoRa
                0x0000000008000810       0x1a ./Core/Src/SX1278.o
                0x0000000008000810                SX1278_entryLoRa
 .text.SX1278_clearLoRaIrq
                0x000000000800082a       0x1a ./Core/Src/SX1278.o
                0x000000000800082a                SX1278_clearLoRaIrq
 .text.SX1278_LoRaEntryRx
                0x0000000008000844       0xca ./Core/Src/SX1278.o
                0x0000000008000844                SX1278_LoRaEntryRx
 .text.SX1278_LoRaRxPacket
                0x000000000800090e       0x88 ./Core/Src/SX1278.o
                0x000000000800090e                SX1278_LoRaRxPacket
 .text.SX1278_LoRaEntryTx
                0x0000000008000996       0xb0 ./Core/Src/SX1278.o
                0x0000000008000996                SX1278_LoRaEntryTx
 .text.SX1278_LoRaTxPacket
                0x0000000008000a46       0x7e ./Core/Src/SX1278.o
                0x0000000008000a46                SX1278_LoRaTxPacket
 .text.SX1278_init
                0x0000000008000ac4       0x5a ./Core/Src/SX1278.o
                0x0000000008000ac4                SX1278_init
 .text.SX1278_read
                0x0000000008000b1e       0x4c ./Core/Src/SX1278.o
                0x0000000008000b1e                SX1278_read
 .text.SX1278_hw_init
                0x0000000008000b6a       0x2a ./Core/Src/SX1278_hw.o
                0x0000000008000b6a                SX1278_hw_init
 .text.SX1278_hw_SetNSS
                0x0000000008000b94       0x2e ./Core/Src/SX1278_hw.o
                0x0000000008000b94                SX1278_hw_SetNSS
 .text.SX1278_hw_Reset
                0x0000000008000bc2       0x48 ./Core/Src/SX1278_hw.o
                0x0000000008000bc2                SX1278_hw_Reset
 .text.SX1278_hw_SPICommand
                0x0000000008000c0a       0x40 ./Core/Src/SX1278_hw.o
                0x0000000008000c0a                SX1278_hw_SPICommand
 .text.SX1278_hw_SPIReadByte
                0x0000000008000c4a       0x4c ./Core/Src/SX1278_hw.o
                0x0000000008000c4a                SX1278_hw_SPIReadByte
 .text.SX1278_hw_DelayMs
                0x0000000008000c96       0x16 ./Core/Src/SX1278_hw.o
                0x0000000008000c96                SX1278_hw_DelayMs
 .text.SX1278_hw_GetDIO0
                0x0000000008000cac       0x2e ./Core/Src/SX1278_hw.o
                0x0000000008000cac                SX1278_hw_GetDIO0
 *fill*         0x0000000008000cda        0x6 
 .text.main     0x0000000008000ce0      0x208 ./Core/Src/main.o
                0x0000000008000ce0                main
 .text.SystemClock_Config
                0x0000000008000ee8       0xb6 ./Core/Src/main.o
                0x0000000008000ee8                SystemClock_Config
 *fill*         0x0000000008000f9e        0x2 
 .text.MX_ADC1_Init
                0x0000000008000fa0       0x7c ./Core/Src/main.o
 .text.MX_SPI1_Init
                0x000000000800101c       0x6c ./Core/Src/main.o
 .text.MX_TIM1_Init
                0x0000000008001088       0xa0 ./Core/Src/main.o
 .text.MX_GPIO_Init
                0x0000000008001128      0x11c ./Core/Src/main.o
 .text.Error_Handler
                0x0000000008001244        0xa ./Core/Src/main.o
                0x0000000008001244                Error_Handler
 *fill*         0x000000000800124e        0x2 
 .text.HAL_MspInit
                0x0000000008001250       0x64 ./Core/Src/stm32f1xx_hal_msp.o
                0x0000000008001250                HAL_MspInit
 .text.HAL_ADC_MspInit
                0x00000000080012b4       0x78 ./Core/Src/stm32f1xx_hal_msp.o
                0x00000000080012b4                HAL_ADC_MspInit
 .text.HAL_SPI_MspInit
                0x000000000800132c       0x94 ./Core/Src/stm32f1xx_hal_msp.o
                0x000000000800132c                HAL_SPI_MspInit
 .text.HAL_TIM_Base_MspInit
                0x00000000080013c0       0x3c ./Core/Src/stm32f1xx_hal_msp.o
                0x00000000080013c0                HAL_TIM_Base_MspInit
 .text.NMI_Handler
                0x00000000080013fc        0x6 ./Core/Src/stm32f1xx_it.o
                0x00000000080013fc                NMI_Handler
 .text.HardFault_Handler
                0x0000000008001402        0x6 ./Core/Src/stm32f1xx_it.o
                0x0000000008001402                HardFault_Handler
 .text.MemManage_Handler
                0x0000000008001408        0x6 ./Core/Src/stm32f1xx_it.o
                0x0000000008001408                MemManage_Handler
 .text.BusFault_Handler
                0x000000000800140e        0x6 ./Core/Src/stm32f1xx_it.o
                0x000000000800140e                BusFault_Handler
 .text.UsageFault_Handler
                0x0000000008001414        0x6 ./Core/Src/stm32f1xx_it.o
                0x0000000008001414                UsageFault_Handler
 .text.SVC_Handler
                0x000000000800141a        0xc ./Core/Src/stm32f1xx_it.o
                0x000000000800141a                SVC_Handler
 .text.DebugMon_Handler
                0x0000000008001426        0xc ./Core/Src/stm32f1xx_it.o
                0x0000000008001426                DebugMon_Handler
 .text.PendSV_Handler
                0x0000000008001432        0xc ./Core/Src/stm32f1xx_it.o
                0x0000000008001432                PendSV_Handler
 .text.SysTick_Handler
                0x000000000800143e        0xc ./Core/Src/stm32f1xx_it.o
                0x000000000800143e                SysTick_Handler
 .text.SystemInit
                0x000000000800144a        0xc ./Core/Src/system_stm32f1xx.o
                0x000000000800144a                SystemInit
 *fill*         0x0000000008001456        0x2 
 .text.Reset_Handler
                0x0000000008001458       0x48 ./Core/Startup/startup_stm32f103c8tx.o
                0x0000000008001458                Reset_Handler
 .text.Default_Handler
                0x00000000080014a0        0x2 ./Core/Startup/startup_stm32f103c8tx.o
                0x00000000080014a0                RTC_Alarm_IRQHandler
                0x00000000080014a0                EXTI2_IRQHandler
                0x00000000080014a0                TIM1_CC_IRQHandler
                0x00000000080014a0                PVD_IRQHandler
                0x00000000080014a0                EXTI3_IRQHandler
                0x00000000080014a0                EXTI0_IRQHandler
                0x00000000080014a0                I2C2_EV_IRQHandler
                0x00000000080014a0                ADC1_2_IRQHandler
                0x00000000080014a0                SPI1_IRQHandler
                0x00000000080014a0                TAMPER_IRQHandler
                0x00000000080014a0                DMA1_Channel4_IRQHandler
                0x00000000080014a0                USART3_IRQHandler
                0x00000000080014a0                RTC_IRQHandler
                0x00000000080014a0                DMA1_Channel7_IRQHandler
                0x00000000080014a0                CAN1_RX1_IRQHandler
                0x00000000080014a0                TIM4_IRQHandler
                0x00000000080014a0                I2C1_EV_IRQHandler
                0x00000000080014a0                DMA1_Channel6_IRQHandler
                0x00000000080014a0                TIM3_IRQHandler
                0x00000000080014a0                RCC_IRQHandler
                0x00000000080014a0                TIM1_TRG_COM_IRQHandler
                0x00000000080014a0                DMA1_Channel1_IRQHandler
                0x00000000080014a0                Default_Handler
                0x00000000080014a0                EXTI15_10_IRQHandler
                0x00000000080014a0                EXTI9_5_IRQHandler
                0x00000000080014a0                SPI2_IRQHandler
                0x00000000080014a0                DMA1_Channel5_IRQHandler
                0x00000000080014a0                EXTI4_IRQHandler
                0x00000000080014a0                USB_LP_CAN1_RX0_IRQHandler
                0x00000000080014a0                USB_HP_CAN1_TX_IRQHandler
                0x00000000080014a0                DMA1_Channel3_IRQHandler
                0x00000000080014a0                TIM1_UP_IRQHandler
                0x00000000080014a0                WWDG_IRQHandler
                0x00000000080014a0                TIM2_IRQHandler
                0x00000000080014a0                TIM1_BRK_IRQHandler
                0x00000000080014a0                EXTI1_IRQHandler
                0x00000000080014a0                USART2_IRQHandler
                0x00000000080014a0                I2C2_ER_IRQHandler
                0x00000000080014a0                DMA1_Channel2_IRQHandler
                0x00000000080014a0                CAN1_SCE_IRQHandler
                0x00000000080014a0                FLASH_IRQHandler
                0x00000000080014a0                USART1_IRQHandler
                0x00000000080014a0                I2C1_ER_IRQHandler
                0x00000000080014a0                USBWakeUp_IRQHandler
 *fill*         0x00000000080014a2        0x2 
 .text.HAL_Init
                0x00000000080014a4       0x2c ./Drivers/STM32F1xx_HAL_Driver/Src/stm32f1xx_hal.o
                0x00000000080014a4                HAL_Init
 .text.HAL_InitTick
                0x00000000080014d0       0x60 ./Drivers/STM32F1xx_HAL_Driver/Src/stm32f1xx_hal.o
                0x00000000080014d0                HAL_InitTick
 .text.HAL_IncTick
                0x0000000008001530       0x24 ./Drivers/STM32F1xx_HAL_Driver/Src/stm32f1xx_hal.o
                0x0000000008001530                HAL_IncTick
 .text.HAL_GetTick
                0x0000000008001554       0x14 ./Drivers/STM32F1xx_HAL_Driver/Src/stm32f1xx_hal.o
                0x0000000008001554                HAL_GetTick
 .text.HAL_Delay
                0x0000000008001568       0x48 ./Drivers/STM32F1xx_HAL_Driver/Src/stm32f1xx_hal.o
                0x0000000008001568                HAL_Delay
 .text.HAL_ADC_Init
                0x00000000080015b0      0x1b0 ./Drivers/STM32F1xx_HAL_Driver/Src/stm32f1xx_hal_adc.o
                0x00000000080015b0                HAL_ADC_Init
 .text.HAL_ADC_Start
                0x0000000008001760      0x15c ./Drivers/STM32F1xx_HAL_Driver/Src/stm32f1xx_hal_adc.o
                0x0000000008001760                HAL_ADC_Start
 .text.HAL_ADC_Stop
                0x00000000080018bc       0x58 ./Drivers/STM32F1xx_HAL_Driver/Src/stm32f1xx_hal_adc.o
                0x00000000080018bc                HAL_ADC_Stop
 .text.HAL_ADC_GetValue
                0x0000000008001914       0x18 ./Drivers/STM32F1xx_HAL_Driver/Src/stm32f1xx_hal_adc.o
                0x0000000008001914                HAL_ADC_GetValue
 .text.HAL_ADC_ConfigChannel
                0x000000000800192c      0x1f0 ./Drivers/STM32F1xx_HAL_Driver/Src/stm32f1xx_hal_adc.o
                0x000000000800192c                HAL_ADC_ConfigChannel
 .text.ADC_Enable
                0x0000000008001b1c       0xb4 ./Drivers/STM32F1xx_HAL_Driver/Src/stm32f1xx_hal_adc.o
                0x0000000008001b1c                ADC_Enable
 .text.ADC_ConversionStop_Disable
                0x0000000008001bd0       0x82 ./Drivers/STM32F1xx_HAL_Driver/Src/stm32f1xx_hal_adc.o
                0x0000000008001bd0                ADC_ConversionStop_Disable
 *fill*         0x0000000008001c52        0x2 
 .text.__NVIC_SetPriorityGrouping
                0x0000000008001c54       0x48 ./Drivers/STM32F1xx_HAL_Driver/Src/stm32f1xx_hal_cortex.o
 .text.__NVIC_GetPriorityGrouping
                0x0000000008001c9c       0x1c ./Drivers/STM32F1xx_HAL_Driver/Src/stm32f1xx_hal_cortex.o
 .text.__NVIC_SetPriority
                0x0000000008001cb8       0x54 ./Drivers/STM32F1xx_HAL_Driver/Src/stm32f1xx_hal_cortex.o
 .text.NVIC_EncodePriority
                0x0000000008001d0c       0x64 ./Drivers/STM32F1xx_HAL_Driver/Src/stm32f1xx_hal_cortex.o
 .text.SysTick_Config
                0x0000000008001d70       0x44 ./Drivers/STM32F1xx_HAL_Driver/Src/stm32f1xx_hal_cortex.o
 .text.HAL_NVIC_SetPriorityGrouping
                0x0000000008001db4       0x16 ./Drivers/STM32F1xx_HAL_Driver/Src/stm32f1xx_hal_cortex.o
                0x0000000008001db4                HAL_NVIC_SetPriorityGrouping
 .text.HAL_NVIC_SetPriority
                0x0000000008001dca       0x38 ./Drivers/STM32F1xx_HAL_Driver/Src/stm32f1xx_hal_cortex.o
                0x0000000008001dca                HAL_NVIC_SetPriority
 .text.HAL_SYSTICK_Config
                0x0000000008001e02       0x18 ./Drivers/STM32F1xx_HAL_Driver/Src/stm32f1xx_hal_cortex.o
                0x0000000008001e02                HAL_SYSTICK_Config
 *fill*         0x0000000008001e1a        0x2 
 .text.HAL_GPIO_Init
                0x0000000008001e1c      0x308 ./Drivers/STM32F1xx_HAL_Driver/Src/stm32f1xx_hal_gpio.o
                0x0000000008001e1c                HAL_GPIO_Init
 .text.HAL_GPIO_ReadPin
                0x0000000008002124       0x2e ./Drivers/STM32F1xx_HAL_Driver/Src/stm32f1xx_hal_gpio.o
                0x0000000008002124                HAL_GPIO_ReadPin
 .text.HAL_GPIO_WritePin
                0x0000000008002152       0x30 ./Drivers/STM32F1xx_HAL_Driver/Src/stm32f1xx_hal_gpio.o
                0x0000000008002152                HAL_GPIO_WritePin
 *fill*         0x0000000008002182        0x2 
 .text.HAL_RCC_OscConfig
                0x0000000008002184      0x504 ./Drivers/STM32F1xx_HAL_Driver/Src/stm32f1xx_hal_rcc.o
                0x0000000008002184                HAL_RCC_OscConfig
 .text.HAL_RCC_ClockConfig
                0x0000000008002688      0x1d4 ./Drivers/STM32F1xx_HAL_Driver/Src/stm32f1xx_hal_rcc.o
                0x0000000008002688                HAL_RCC_ClockConfig
 .text.HAL_RCC_GetSysClockFreq
                0x000000000800285c       0xa8 ./Drivers/STM32F1xx_HAL_Driver/Src/stm32f1xx_hal_rcc.o
                0x000000000800285c                HAL_RCC_GetSysClockFreq
 .text.RCC_Delay
                0x0000000008002904       0x3c ./Drivers/STM32F1xx_HAL_Driver/Src/stm32f1xx_hal_rcc.o
 .text.HAL_RCCEx_PeriphCLKConfig
                0x0000000008002940      0x16c ./Drivers/STM32F1xx_HAL_Driver/Src/stm32f1xx_hal_rcc_ex.o
                0x0000000008002940                HAL_RCCEx_PeriphCLKConfig
 .text.HAL_SPI_Init
                0x0000000008002aac      0x108 ./Drivers/STM32F1xx_HAL_Driver/Src/stm32f1xx_hal_spi.o
                0x0000000008002aac                HAL_SPI_Init
 .text.HAL_SPI_Transmit
                0x0000000008002bb4      0x286 ./Drivers/STM32F1xx_HAL_Driver/Src/stm32f1xx_hal_spi.o
                0x0000000008002bb4                HAL_SPI_Transmit
 .text.HAL_SPI_TransmitReceive
                0x0000000008002e3a      0x360 ./Drivers/STM32F1xx_HAL_Driver/Src/stm32f1xx_hal_spi.o
                0x0000000008002e3a                HAL_SPI_TransmitReceive
 .text.HAL_SPI_GetState
                0x000000000800319a       0x1a ./Drivers/STM32F1xx_HAL_Driver/Src/stm32f1xx_hal_spi.o
                0x000000000800319a                HAL_SPI_GetState
 .text.SPI_WaitFlagStateUntilTimeout
                0x00000000080031b4      0x110 ./Drivers/STM32F1xx_HAL_Driver/Src/stm32f1xx_hal_spi.o
 .text.SPI_EndRxTxTransaction
                0x00000000080032c4       0x3c ./Drivers/STM32F1xx_HAL_Driver/Src/stm32f1xx_hal_spi.o
 .text.HAL_TIM_Base_Init
                0x0000000008003300       0x9e ./Drivers/STM32F1xx_HAL_Driver/Src/stm32f1xx_hal_tim.o
                0x0000000008003300                HAL_TIM_Base_Init
 *fill*         0x000000000800339e        0x2 
 .text.HAL_TIM_Base_Start
                0x00000000080033a0       0x94 ./Drivers/STM32F1xx_HAL_Driver/Src/stm32f1xx_hal_tim.o
                0x00000000080033a0                HAL_TIM_Base_Start
 .text.HAL_TIM_ConfigClockSource
                0x0000000008003434      0x18e ./Drivers/STM32F1xx_HAL_Driver/Src/stm32f1xx_hal_tim.o
                0x0000000008003434                HAL_TIM_ConfigClockSource
 *fill*         0x00000000080035c2        0x2 
 .text.TIM_Base_SetConfig
                0x00000000080035c4       0xc4 ./Drivers/STM32F1xx_HAL_Driver/Src/stm32f1xx_hal_tim.o
                0x00000000080035c4                TIM_Base_SetConfig
 .text.TIM_TI1_ConfigInputStage
                0x0000000008003688       0x5c ./Drivers/STM32F1xx_HAL_Driver/Src/stm32f1xx_hal_tim.o
 .text.TIM_TI2_ConfigInputStage
                0x00000000080036e4       0x5e ./Drivers/STM32F1xx_HAL_Driver/Src/stm32f1xx_hal_tim.o
 .text.TIM_ITRx_SetConfig
                0x0000000008003742       0x34 ./Drivers/STM32F1xx_HAL_Driver/Src/stm32f1xx_hal_tim.o
 .text.TIM_ETR_SetConfig
                0x0000000008003776       0x3e ./Drivers/STM32F1xx_HAL_Driver/Src/stm32f1xx_hal_tim.o
                0x0000000008003776                TIM_ETR_SetConfig
 .text.HAL_TIMEx_MasterConfigSynchronization
                0x00000000080037b4       0xbc ./Drivers/STM32F1xx_HAL_Driver/Src/stm32f1xx_hal_tim_ex.o
                0x00000000080037b4                HAL_TIMEx_MasterConfigSynchronization
 .text.memset   0x0000000008003870       0x10 C:/ST/STM32CubeIDE_1.13.1/STM32CubeIDE/plugins/com.st.stm32cube.ide.mcu.externaltools.gnu-tools-for-stm32.11.3.rel1.win32_1.1.0.202305231506/tools/bin/../lib/gcc/arm-none-eabi/11.3.1/../../../../arm-none-eabi/lib/thumb/v7-m/nofp\libc_nano.a(libc_a-memset.o)
                0x0000000008003870                memset
 .text.__libc_init_array
                0x0000000008003880       0x48 C:/ST/STM32CubeIDE_1.13.1/STM32CubeIDE/plugins/com.st.stm32cube.ide.mcu.externaltools.gnu-tools-for-stm32.11.3.rel1.win32_1.1.0.202305231506/tools/bin/../lib/gcc/arm-none-eabi/11.3.1/../../../../arm-none-eabi/lib/thumb/v7-m/nofp\libc_nano.a(libc_a-init.o)
                0x0000000008003880                __libc_init_array
 .text.memcpy   0x00000000080038c8       0x1c C:/ST/STM32CubeIDE_1.13.1/STM32CubeIDE/plugins/com.st.stm32cube.ide.mcu.externaltools.gnu-tools-for-stm32.11.3.rel1.win32_1.1.0.202305231506/tools/bin/../lib/gcc/arm-none-eabi/11.3.1/../../../../arm-none-eabi/lib/thumb/v7-m/nofp\libc_nano.a(libc_a-memcpy-stub.o)
                0x00000000080038c8                memcpy
 *(.glue_7)
 .glue_7        0x00000000080038e4        0x0 linker stubs
 *(.glue_7t)
 .glue_7t       0x00000000080038e4        0x0 linker stubs
 *(.eh_frame)
 .eh_frame      0x00000000080038e4        0x0 C:/ST/STM32CubeIDE_1.13.1/STM32CubeIDE/plugins/com.st.stm32cube.ide.mcu.externaltools.gnu-tools-for-stm32.11.3.rel1.win32_1.1.0.202305231506/tools/bin/../lib/gcc/arm-none-eabi/11.3.1/thumb/v7-m/nofp/crtbegin.o
 *(.init)
 .init          0x00000000080038e4        0x4 C:/ST/STM32CubeIDE_1.13.1/STM32CubeIDE/plugins/com.st.stm32cube.ide.mcu.externaltools.gnu-tools-for-stm32.11.3.rel1.win32_1.1.0.202305231506/tools/bin/../lib/gcc/arm-none-eabi/11.3.1/thumb/v7-m/nofp/crti.o
                0x00000000080038e4                _init
 .init          0x00000000080038e8        0x8 C:/ST/STM32CubeIDE_1.13.1/STM32CubeIDE/plugins/com.st.stm32cube.ide.mcu.externaltools.gnu-tools-for-stm32.11.3.rel1.win32_1.1.0.202305231506/tools/bin/../lib/gcc/arm-none-eabi/11.3.1/thumb/v7-m/nofp/crtn.o
 *(.fini)
 .fini          0x00000000080038f0        0x4 C:/ST/STM32CubeIDE_1.13.1/STM32CubeIDE/plugins/com.st.stm32cube.ide.mcu.externaltools.gnu-tools-for-stm32.11.3.rel1.win32_1.1.0.202305231506/tools/bin/../lib/gcc/arm-none-eabi/11.3.1/thumb/v7-m/nofp/crti.o
                0x00000000080038f0                _fini
 .fini          0x00000000080038f4        0x8 C:/ST/STM32CubeIDE_1.13.1/STM32CubeIDE/plugins/com.st.stm32cube.ide.mcu.externaltools.gnu-tools-for-stm32.11.3.rel1.win32_1.1.0.202305231506/tools/bin/../lib/gcc/arm-none-eabi/11.3.1/thumb/v7-m/nofp/crtn.o
                0x00000000080038fc                . = ALIGN (0x4)
                0x00000000080038fc                _etext = .

.vfp11_veneer   0x00000000080038fc        0x0
 .vfp11_veneer  0x00000000080038fc        0x0 linker stubs

.v4_bx          0x00000000080038fc        0x0
 .v4_bx         0x00000000080038fc        0x0 linker stubs

.iplt           0x00000000080038fc        0x0
 .iplt          0x00000000080038fc        0x0 C:/ST/STM32CubeIDE_1.13.1/STM32CubeIDE/plugins/com.st.stm32cube.ide.mcu.externaltools.gnu-tools-for-stm32.11.3.rel1.win32_1.1.0.202305231506/tools/bin/../lib/gcc/arm-none-eabi/11.3.1/thumb/v7-m/nofp/crtbegin.o

.rodata         0x00000000080038fc       0x44
                0x00000000080038fc                . = ALIGN (0x4)
 *(.rodata)
 *(.rodata*)
 .rodata.SX1278_Power
                0x00000000080038fc        0x4 ./Core/Src/SX1278.o
 .rodata.SX1278_SpreadFactor
                0x0000000008003900        0x7 ./Core/Src/SX1278.o
 *fill*         0x0000000008003907        0x1 
 .rodata.SX1278_LoRaBandwidth
                0x0000000008003908        0xa ./Core/Src/SX1278.o
 *fill*         0x0000000008003912        0x2 
 .rodata.SX1278_CodingRate
                0x0000000008003914        0x4 ./Core/Src/SX1278.o
 .rodata.SX1278_CRC_Sum
                0x0000000008003918        0x2 ./Core/Src/SX1278.o
 *fill*         0x000000000800391a        0x2 
 .rodata.AHBPrescTable
                0x000000000800391c       0x10 ./Core/Src/system_stm32f1xx.o
                0x000000000800391c                AHBPrescTable
 .rodata.aPLLMULFactorTable.1
                0x000000000800392c       0x10 ./Drivers/STM32F1xx_HAL_Driver/Src/stm32f1xx_hal_rcc.o
 .rodata.aPredivFactorTable.0
                0x000000000800393c        0x2 ./Drivers/STM32F1xx_HAL_Driver/Src/stm32f1xx_hal_rcc.o
                0x0000000008003940                . = ALIGN (0x4)
 *fill*         0x000000000800393e        0x2 

.ARM.extab      0x0000000008003940        0x0
                0x0000000008003940                . = ALIGN (0x4)
 *(.ARM.extab* .gnu.linkonce.armextab.*)
                0x0000000008003940                . = ALIGN (0x4)

.ARM            0x0000000008003940        0x8
                0x0000000008003940                . = ALIGN (0x4)
                0x0000000008003940                __exidx_start = .
 *(.ARM.exidx*)
 .ARM.exidx     0x0000000008003940        0x8 C:/ST/STM32CubeIDE_1.13.1/STM32CubeIDE/plugins/com.st.stm32cube.ide.mcu.externaltools.gnu-tools-for-stm32.11.3.rel1.win32_1.1.0.202305231506/tools/bin/../lib/gcc/arm-none-eabi/11.3.1/thumb/v7-m/nofp\libgcc.a(_udivmoddi4.o)
                0x0000000008003948                __exidx_end = .
                0x0000000008003948                . = ALIGN (0x4)

.rel.dyn        0x0000000008003948        0x0
 .rel.iplt      0x0000000008003948        0x0 C:/ST/STM32CubeIDE_1.13.1/STM32CubeIDE/plugins/com.st.stm32cube.ide.mcu.externaltools.gnu-tools-for-stm32.11.3.rel1.win32_1.1.0.202305231506/tools/bin/../lib/gcc/arm-none-eabi/11.3.1/thumb/v7-m/nofp/crtbegin.o

.preinit_array  0x0000000008003948        0x0
                0x0000000008003948                . = ALIGN (0x4)
                0x0000000008003948                PROVIDE (__preinit_array_start = .)
 *(.preinit_array*)
                0x0000000008003948                PROVIDE (__preinit_array_end = .)
                0x0000000008003948                . = ALIGN (0x4)

.init_array     0x0000000008003948        0x4
                0x0000000008003948                . = ALIGN (0x4)
                0x0000000008003948                PROVIDE (__init_array_start = .)
 *(SORT_BY_NAME(.init_array.*))
 *(.init_array*)
 .init_array    0x0000000008003948        0x4 C:/ST/STM32CubeIDE_1.13.1/STM32CubeIDE/plugins/com.st.stm32cube.ide.mcu.externaltools.gnu-tools-for-stm32.11.3.rel1.win32_1.1.0.202305231506/tools/bin/../lib/gcc/arm-none-eabi/11.3.1/thumb/v7-m/nofp/crtbegin.o
                0x000000000800394c                PROVIDE (__init_array_end = .)
                0x000000000800394c                . = ALIGN (0x4)

.fini_array     0x000000000800394c        0x4
                0x000000000800394c                . = ALIGN (0x4)
                [!provide]                        PROVIDE (__fini_array_start = .)
 *(SORT_BY_NAME(.fini_array.*))
 *(.fini_array*)
 .fini_array    0x000000000800394c        0x4 C:/ST/STM32CubeIDE_1.13.1/STM32CubeIDE/plugins/com.st.stm32cube.ide.mcu.externaltools.gnu-tools-for-stm32.11.3.rel1.win32_1.1.0.202305231506/tools/bin/../lib/gcc/arm-none-eabi/11.3.1/thumb/v7-m/nofp/crtbegin.o
                [!provide]                        PROVIDE (__fini_array_end = .)
                0x0000000008003950                . = ALIGN (0x4)
                0x0000000008003950                _sidata = LOADADDR (.data)

.data           0x0000000020000000       0x20 load address 0x0000000008003950
                0x0000000020000000                . = ALIGN (0x4)
                0x0000000020000000                _sdata = .
 *(.data)
 *(.data*)
 .data.master   0x0000000020000000        0x4 ./Core/Src/main.o
                0x0000000020000000                master
 .data.buffer   0x0000000020000004       0x10 ./Core/Src/main.o
                0x0000000020000004                buffer
 .data.SystemCoreClock
                0x0000000020000014        0x4 ./Core/Src/system_stm32f1xx.o
                0x0000000020000014                SystemCoreClock
 .data.uwTickPrio
                0x0000000020000018        0x4 ./Drivers/STM32F1xx_HAL_Driver/Src/stm32f1xx_hal.o
                0x0000000020000018                uwTickPrio
 .data.uwTickFreq
                0x000000002000001c        0x1 ./Drivers/STM32F1xx_HAL_Driver/Src/stm32f1xx_hal.o
                0x000000002000001c                uwTickFreq
 *(.RamFunc)
 *(.RamFunc*)
                0x0000000020000020                . = ALIGN (0x4)
 *fill*         0x000000002000001d        0x3 
                0x0000000020000020                _edata = .

.igot.plt       0x0000000020000020        0x0 load address 0x0000000008003970
 .igot.plt      0x0000000020000020        0x0 C:/ST/STM32CubeIDE_1.13.1/STM32CubeIDE/plugins/com.st.stm32cube.ide.mcu.externaltools.gnu-tools-for-stm32.11.3.rel1.win32_1.1.0.202305231506/tools/bin/../lib/gcc/arm-none-eabi/11.3.1/thumb/v7-m/nofp/crtbegin.o
                0x0000000020000020                . = ALIGN (0x4)

.bss            0x0000000020000020      0x22c load address 0x0000000008003970
                0x0000000020000020                _sbss = .
                0x0000000020000020                __bss_start__ = _sbss
 *(.bss)
 .bss           0x0000000020000020       0x1c C:/ST/STM32CubeIDE_1.13.1/STM32CubeIDE/plugins/com.st.stm32cube.ide.mcu.externaltools.gnu-tools-for-stm32.11.3.rel1.win32_1.1.0.202305231506/tools/bin/../lib/gcc/arm-none-eabi/11.3.1/thumb/v7-m/nofp/crtbegin.o
 *(.bss*)
 .bss.hadc1     0x000000002000003c       0x30 ./Core/Src/main.o
                0x000000002000003c                hadc1
 .bss.hspi1     0x000000002000006c       0x58 ./Core/Src/main.o
                0x000000002000006c                hspi1
 .bss.htim1     0x00000000200000c4       0x48 ./Core/Src/main.o
                0x00000000200000c4                htim1
 .bss.SX1278_hw
                0x000000002000010c       0x1c ./Core/Src/main.o
                0x000000002000010c                SX1278_hw
 .bss.SX1278    0x0000000020000128      0x118 ./Core/Src/main.o
                0x0000000020000128                SX1278
 .bss.ret       0x0000000020000240        0x4 ./Core/Src/main.o
                0x0000000020000240                ret
 .bss.MQ2       0x0000000020000244        0x2 ./Core/Src/main.o
                0x0000000020000244                MQ2
 *fill*         0x0000000020000246        0x2 
 .bss.uwTick    0x0000000020000248        0x4 ./Drivers/STM32F1xx_HAL_Driver/Src/stm32f1xx_hal.o
                0x0000000020000248                uwTick
 *(COMMON)
                0x000000002000024c                . = ALIGN (0x4)
                0x000000002000024c                _ebss = .
                0x000000002000024c                __bss_end__ = _ebss

._user_heap_stack
                0x000000002000024c      0x604 load address 0x0000000008003970
                0x0000000020000250                . = ALIGN (0x8)
 *fill*         0x000000002000024c        0x4 
                [!provide]                        PROVIDE (end = .)
                0x0000000020000250                PROVIDE (_end = .)
                0x0000000020000450                . = (. + _Min_Heap_Size)
 *fill*         0x0000000020000250      0x200 
                0x0000000020000850                . = (. + _Min_Stack_Size)
 *fill*         0x0000000020000450      0x400 
                0x0000000020000850                . = ALIGN (0x8)

/DISCARD/
 libc.a(*)
 libm.a(*)
 libgcc.a(*)

.ARM.attributes
                0x0000000000000000       0x29
 *(.ARM.attributes)
 .ARM.attributes
                0x0000000000000000       0x1d C:/ST/STM32CubeIDE_1.13.1/STM32CubeIDE/plugins/com.st.stm32cube.ide.mcu.externaltools.gnu-tools-for-stm32.11.3.rel1.win32_1.1.0.202305231506/tools/bin/../lib/gcc/arm-none-eabi/11.3.1/thumb/v7-m/nofp/crti.o
 .ARM.attributes
                0x000000000000001d       0x2d C:/ST/STM32CubeIDE_1.13.1/STM32CubeIDE/plugins/com.st.stm32cube.ide.mcu.externaltools.gnu-tools-for-stm32.11.3.rel1.win32_1.1.0.202305231506/tools/bin/../lib/gcc/arm-none-eabi/11.3.1/thumb/v7-m/nofp/crtbegin.o
 .ARM.attributes
                0x000000000000004a       0x2d ./Core/Src/SX1278.o
 .ARM.attributes
                0x0000000000000077       0x2d ./Core/Src/SX1278_hw.o
 .ARM.attributes
                0x00000000000000a4       0x2d ./Core/Src/main.o
 .ARM.attributes
                0x00000000000000d1       0x2d ./Core/Src/stm32f1xx_hal_msp.o
 .ARM.attributes
                0x00000000000000fe       0x2d ./Core/Src/stm32f1xx_it.o
 .ARM.attributes
                0x000000000000012b       0x2d ./Core/Src/system_stm32f1xx.o
 .ARM.attributes
                0x0000000000000158       0x21 ./Core/Startup/startup_stm32f103c8tx.o
 .ARM.attributes
                0x0000000000000179       0x2d ./Drivers/STM32F1xx_HAL_Driver/Src/stm32f1xx_hal.o
 .ARM.attributes
                0x00000000000001a6       0x2d ./Drivers/STM32F1xx_HAL_Driver/Src/stm32f1xx_hal_adc.o
 .ARM.attributes
                0x00000000000001d3       0x2d ./Drivers/STM32F1xx_HAL_Driver/Src/stm32f1xx_hal_cortex.o
 .ARM.attributes
                0x0000000000000200       0x2d ./Drivers/STM32F1xx_HAL_Driver/Src/stm32f1xx_hal_gpio.o
 .ARM.attributes
                0x000000000000022d       0x2d ./Drivers/STM32F1xx_HAL_Driver/Src/stm32f1xx_hal_rcc.o
 .ARM.attributes
                0x000000000000025a       0x2d ./Drivers/STM32F1xx_HAL_Driver/Src/stm32f1xx_hal_rcc_ex.o
 .ARM.attributes
                0x0000000000000287       0x2d ./Drivers/STM32F1xx_HAL_Driver/Src/stm32f1xx_hal_spi.o
 .ARM.attributes
                0x00000000000002b4       0x2d ./Drivers/STM32F1xx_HAL_Driver/Src/stm32f1xx_hal_tim.o
 .ARM.attributes
                0x00000000000002e1       0x2d ./Drivers/STM32F1xx_HAL_Driver/Src/stm32f1xx_hal_tim_ex.o
 .ARM.attributes
                0x000000000000030e       0x2d C:/ST/STM32CubeIDE_1.13.1/STM32CubeIDE/plugins/com.st.stm32cube.ide.mcu.externaltools.gnu-tools-for-stm32.11.3.rel1.win32_1.1.0.202305231506/tools/bin/../lib/gcc/arm-none-eabi/11.3.1/../../../../arm-none-eabi/lib/thumb/v7-m/nofp\libc_nano.a(libc_a-memset.o)
 .ARM.attributes
                0x000000000000033b       0x2d C:/ST/STM32CubeIDE_1.13.1/STM32CubeIDE/plugins/com.st.stm32cube.ide.mcu.externaltools.gnu-tools-for-stm32.11.3.rel1.win32_1.1.0.202305231506/tools/bin/../lib/gcc/arm-none-eabi/11.3.1/../../../../arm-none-eabi/lib/thumb/v7-m/nofp\libc_nano.a(libc_a-init.o)
 .ARM.attributes
                0x0000000000000368       0x2d C:/ST/STM32CubeIDE_1.13.1/STM32CubeIDE/plugins/com.st.stm32cube.ide.mcu.externaltools.gnu-tools-for-stm32.11.3.rel1.win32_1.1.0.202305231506/tools/bin/../lib/gcc/arm-none-eabi/11.3.1/../../../../arm-none-eabi/lib/thumb/v7-m/nofp\libc_nano.a(libc_a-memcpy-stub.o)
 .ARM.attributes
                0x0000000000000395       0x1d C:/ST/STM32CubeIDE_1.13.1/STM32CubeIDE/plugins/com.st.stm32cube.ide.mcu.externaltools.gnu-tools-for-stm32.11.3.rel1.win32_1.1.0.202305231506/tools/bin/../lib/gcc/arm-none-eabi/11.3.1/thumb/v7-m/nofp\libgcc.a(_aeabi_uldivmod.o)
 .ARM.attributes
                0x00000000000003b2       0x2d C:/ST/STM32CubeIDE_1.13.1/STM32CubeIDE/plugins/com.st.stm32cube.ide.mcu.externaltools.gnu-tools-for-stm32.11.3.rel1.win32_1.1.0.202305231506/tools/bin/../lib/gcc/arm-none-eabi/11.3.1/thumb/v7-m/nofp\libgcc.a(_udivmoddi4.o)
 .ARM.attributes
                0x00000000000003df       0x1d C:/ST/STM32CubeIDE_1.13.1/STM32CubeIDE/plugins/com.st.stm32cube.ide.mcu.externaltools.gnu-tools-for-stm32.11.3.rel1.win32_1.1.0.202305231506/tools/bin/../lib/gcc/arm-none-eabi/11.3.1/thumb/v7-m/nofp\libgcc.a(_dvmd_tls.o)
 .ARM.attributes
                0x00000000000003fc       0x1d C:/ST/STM32CubeIDE_1.13.1/STM32CubeIDE/plugins/com.st.stm32cube.ide.mcu.externaltools.gnu-tools-for-stm32.11.3.rel1.win32_1.1.0.202305231506/tools/bin/../lib/gcc/arm-none-eabi/11.3.1/thumb/v7-m/nofp/crtn.o
OUTPUT(Sender.elf elf32-littlearm)
LOAD linker stubs
LOAD C:/ST/STM32CubeIDE_1.13.1/STM32CubeIDE/plugins/com.st.stm32cube.ide.mcu.externaltools.gnu-tools-for-stm32.11.3.rel1.win32_1.1.0.202305231506/tools/bin/../lib/gcc/arm-none-eabi/11.3.1/../../../../arm-none-eabi/lib/thumb/v7-m/nofp\libc.a
LOAD C:/ST/STM32CubeIDE_1.13.1/STM32CubeIDE/plugins/com.st.stm32cube.ide.mcu.externaltools.gnu-tools-for-stm32.11.3.rel1.win32_1.1.0.202305231506/tools/bin/../lib/gcc/arm-none-eabi/11.3.1/../../../../arm-none-eabi/lib/thumb/v7-m/nofp\libm.a
LOAD C:/ST/STM32CubeIDE_1.13.1/STM32CubeIDE/plugins/com.st.stm32cube.ide.mcu.externaltools.gnu-tools-for-stm32.11.3.rel1.win32_1.1.0.202305231506/tools/bin/../lib/gcc/arm-none-eabi/11.3.1/thumb/v7-m/nofp\libgcc.a

.comment        0x0000000000000000       0x43
 .comment       0x0000000000000000       0x43 C:/ST/STM32CubeIDE_1.13.1/STM32CubeIDE/plugins/com.st.stm32cube.ide.mcu.externaltools.gnu-tools-for-stm32.11.3.rel1.win32_1.1.0.202305231506/tools/bin/../lib/gcc/arm-none-eabi/11.3.1/thumb/v7-m/nofp/crtbegin.o
                                         0x44 (size before relaxing)
 .comment       0x0000000000000043       0x44 ./Core/Src/SX1278.o
 .comment       0x0000000000000043       0x44 ./Core/Src/SX1278_hw.o
 .comment       0x0000000000000043       0x44 ./Core/Src/main.o
 .comment       0x0000000000000043       0x44 ./Core/Src/stm32f1xx_hal_msp.o
 .comment       0x0000000000000043       0x44 ./Core/Src/stm32f1xx_it.o
 .comment       0x0000000000000043       0x44 ./Core/Src/system_stm32f1xx.o
 .comment       0x0000000000000043       0x44 ./Drivers/STM32F1xx_HAL_Driver/Src/stm32f1xx_hal.o
 .comment       0x0000000000000043       0x44 ./Drivers/STM32F1xx_HAL_Driver/Src/stm32f1xx_hal_adc.o
 .comment       0x0000000000000043       0x44 ./Drivers/STM32F1xx_HAL_Driver/Src/stm32f1xx_hal_cortex.o
 .comment       0x0000000000000043       0x44 ./Drivers/STM32F1xx_HAL_Driver/Src/stm32f1xx_hal_gpio.o
 .comment       0x0000000000000043       0x44 ./Drivers/STM32F1xx_HAL_Driver/Src/stm32f1xx_hal_rcc.o
 .comment       0x0000000000000043       0x44 ./Drivers/STM32F1xx_HAL_Driver/Src/stm32f1xx_hal_rcc_ex.o
 .comment       0x0000000000000043       0x44 ./Drivers/STM32F1xx_HAL_Driver/Src/stm32f1xx_hal_spi.o
 .comment       0x0000000000000043       0x44 ./Drivers/STM32F1xx_HAL_Driver/Src/stm32f1xx_hal_tim.o
 .comment       0x0000000000000043       0x44 ./Drivers/STM32F1xx_HAL_Driver/Src/stm32f1xx_hal_tim_ex.o

.debug_info     0x0000000000000000     0xbac7
 .debug_info    0x0000000000000000      0x93d ./Core/Src/SX1278.o
 .debug_info    0x000000000000093d      0x862 ./Core/Src/SX1278_hw.o
 .debug_info    0x000000000000119f     0x157a ./Core/Src/main.o
 .debug_info    0x0000000000002719      0xe62 ./Core/Src/stm32f1xx_hal_msp.o
 .debug_info    0x000000000000357b      0x113 ./Core/Src/stm32f1xx_it.o
 .debug_info    0x000000000000368e      0x222 ./Core/Src/system_stm32f1xx.o
 .debug_info    0x00000000000038b0       0x23 ./Core/Startup/startup_stm32f103c8tx.o
 .debug_info    0x00000000000038d3      0x704 ./Drivers/STM32F1xx_HAL_Driver/Src/stm32f1xx_hal.o
 .debug_info    0x0000000000003fd7      0xc50 ./Drivers/STM32F1xx_HAL_Driver/Src/stm32f1xx_hal_adc.o
 .debug_info    0x0000000000004c27      0xa87 ./Drivers/STM32F1xx_HAL_Driver/Src/stm32f1xx_hal_cortex.o
 .debug_info    0x00000000000056ae      0x5ab ./Drivers/STM32F1xx_HAL_Driver/Src/stm32f1xx_hal_gpio.o
 .debug_info    0x0000000000005c59      0x7d5 ./Drivers/STM32F1xx_HAL_Driver/Src/stm32f1xx_hal_rcc.o
 .debug_info    0x000000000000642e      0x3c0 ./Drivers/STM32F1xx_HAL_Driver/Src/stm32f1xx_hal_rcc_ex.o
 .debug_info    0x00000000000067ee     0x1503 ./Drivers/STM32F1xx_HAL_Driver/Src/stm32f1xx_hal_spi.o
 .debug_info    0x0000000000007cf1     0x293b ./Drivers/STM32F1xx_HAL_Driver/Src/stm32f1xx_hal_tim.o
 .debug_info    0x000000000000a62c     0x149b ./Drivers/STM32F1xx_HAL_Driver/Src/stm32f1xx_hal_tim_ex.o

.debug_abbrev   0x0000000000000000     0x1f2d
 .debug_abbrev  0x0000000000000000      0x200 ./Core/Src/SX1278.o
 .debug_abbrev  0x0000000000000200      0x1f2 ./Core/Src/SX1278_hw.o
 .debug_abbrev  0x00000000000003f2      0x303 ./Core/Src/main.o
 .debug_abbrev  0x00000000000006f5      0x1d4 ./Core/Src/stm32f1xx_hal_msp.o
 .debug_abbrev  0x00000000000008c9       0x73 ./Core/Src/stm32f1xx_it.o
 .debug_abbrev  0x000000000000093c      0x13f ./Core/Src/system_stm32f1xx.o
 .debug_abbrev  0x0000000000000a7b       0x12 ./Core/Startup/startup_stm32f103c8tx.o
 .debug_abbrev  0x0000000000000a8d      0x201 ./Drivers/STM32F1xx_HAL_Driver/Src/stm32f1xx_hal.o
 .debug_abbrev  0x0000000000000c8e      0x225 ./Drivers/STM32F1xx_HAL_Driver/Src/stm32f1xx_hal_adc.o
 .debug_abbrev  0x0000000000000eb3      0x2f8 ./Drivers/STM32F1xx_HAL_Driver/Src/stm32f1xx_hal_cortex.o
 .debug_abbrev  0x00000000000011ab      0x1ca ./Drivers/STM32F1xx_HAL_Driver/Src/stm32f1xx_hal_gpio.o
 .debug_abbrev  0x0000000000001375      0x2b3 ./Drivers/STM32F1xx_HAL_Driver/Src/stm32f1xx_hal_rcc.o
 .debug_abbrev  0x0000000000001628      0x188 ./Drivers/STM32F1xx_HAL_Driver/Src/stm32f1xx_hal_rcc_ex.o
 .debug_abbrev  0x00000000000017b0      0x284 ./Drivers/STM32F1xx_HAL_Driver/Src/stm32f1xx_hal_spi.o
 .debug_abbrev  0x0000000000001a34      0x277 ./Drivers/STM32F1xx_HAL_Driver/Src/stm32f1xx_hal_tim.o
 .debug_abbrev  0x0000000000001cab      0x282 ./Drivers/STM32F1xx_HAL_Driver/Src/stm32f1xx_hal_tim_ex.o

.debug_aranges  0x0000000000000000      0xd48
 .debug_aranges
                0x0000000000000000       0xb8 ./Core/Src/SX1278.o
 .debug_aranges
                0x00000000000000b8       0x50 ./Core/Src/SX1278_hw.o
 .debug_aranges
                0x0000000000000108       0x50 ./Core/Src/main.o
 .debug_aranges
                0x0000000000000158       0x50 ./Core/Src/stm32f1xx_hal_msp.o
 .debug_aranges
                0x00000000000001a8       0x60 ./Core/Src/stm32f1xx_it.o
 .debug_aranges
                0x0000000000000208       0x28 ./Core/Src/system_stm32f1xx.o
 .debug_aranges
                0x0000000000000230       0x28 ./Core/Startup/startup_stm32f103c8tx.o
 .debug_aranges
                0x0000000000000258       0xe0 ./Drivers/STM32F1xx_HAL_Driver/Src/stm32f1xx_hal.o
 .debug_aranges
                0x0000000000000338       0xf0 ./Drivers/STM32F1xx_HAL_Driver/Src/stm32f1xx_hal_adc.o
 .debug_aranges
                0x0000000000000428      0x100 ./Drivers/STM32F1xx_HAL_Driver/Src/stm32f1xx_hal_cortex.o
 .debug_aranges
                0x0000000000000528       0x58 ./Drivers/STM32F1xx_HAL_Driver/Src/stm32f1xx_hal_gpio.o
 .debug_aranges
                0x0000000000000580       0x90 ./Drivers/STM32F1xx_HAL_Driver/Src/stm32f1xx_hal_rcc.o
 .debug_aranges
                0x0000000000000610       0x30 ./Drivers/STM32F1xx_HAL_Driver/Src/stm32f1xx_hal_rcc_ex.o
 .debug_aranges
                0x0000000000000640      0x1d0 ./Drivers/STM32F1xx_HAL_Driver/Src/stm32f1xx_hal_spi.o
 .debug_aranges
                0x0000000000000810      0x3d0 ./Drivers/STM32F1xx_HAL_Driver/Src/stm32f1xx_hal_tim.o
 .debug_aranges
                0x0000000000000be0      0x168 ./Drivers/STM32F1xx_HAL_Driver/Src/stm32f1xx_hal_tim_ex.o

.debug_rnglists
                0x0000000000000000      0xa3c
 .debug_rnglists
                0x0000000000000000       0x89 ./Core/Src/SX1278.o
 .debug_rnglists
                0x0000000000000089       0x37 ./Core/Src/SX1278_hw.o
 .debug_rnglists
                0x00000000000000c0       0x3b ./Core/Src/main.o
 .debug_rnglists
                0x00000000000000fb       0x38 ./Core/Src/stm32f1xx_hal_msp.o
 .debug_rnglists
                0x0000000000000133       0x43 ./Core/Src/stm32f1xx_it.o
 .debug_rnglists
                0x0000000000000176       0x1a ./Core/Src/system_stm32f1xx.o
 .debug_rnglists
                0x0000000000000190       0x19 ./Core/Startup/startup_stm32f103c8tx.o
 .debug_rnglists
                0x00000000000001a9       0xa3 ./Drivers/STM32F1xx_HAL_Driver/Src/stm32f1xx_hal.o
 .debug_rnglists
                0x000000000000024c       0xbc ./Drivers/STM32F1xx_HAL_Driver/Src/stm32f1xx_hal_adc.o
 .debug_rnglists
                0x0000000000000308       0xbb ./Drivers/STM32F1xx_HAL_Driver/Src/stm32f1xx_hal_cortex.o
 .debug_rnglists
                0x00000000000003c3       0x3f ./Drivers/STM32F1xx_HAL_Driver/Src/stm32f1xx_hal_gpio.o
 .debug_rnglists
                0x0000000000000402       0x6c ./Drivers/STM32F1xx_HAL_Driver/Src/stm32f1xx_hal_rcc.o
 .debug_rnglists
                0x000000000000046e       0x21 ./Drivers/STM32F1xx_HAL_Driver/Src/stm32f1xx_hal_rcc_ex.o
 .debug_rnglists
                0x000000000000048f      0x16e ./Drivers/STM32F1xx_HAL_Driver/Src/stm32f1xx_hal_spi.o
 .debug_rnglists
                0x00000000000005fd      0x31a ./Drivers/STM32F1xx_HAL_Driver/Src/stm32f1xx_hal_tim.o
 .debug_rnglists
                0x0000000000000917      0x125 ./Drivers/STM32F1xx_HAL_Driver/Src/stm32f1xx_hal_tim_ex.o

.debug_macro    0x0000000000000000     0x2787
 .debug_macro   0x0000000000000000      0x158 ./Core/Src/SX1278.o
 .debug_macro   0x0000000000000158       0x22 ./Core/Src/SX1278.o
 .debug_macro   0x000000000000017a      0x38a ./Core/Src/SX1278.o
 .debug_macro   0x0000000000000504       0x61 ./Core/Src/SX1278.o
 .debug_macro   0x0000000000000565       0x24 ./Core/Src/SX1278.o
 .debug_macro   0x0000000000000589       0x43 ./Core/Src/SX1278.o
 .debug_macro   0x00000000000005cc       0x34 ./Core/Src/SX1278.o
 .debug_macro   0x0000000000000600       0x16 ./Core/Src/SX1278.o
 .debug_macro   0x0000000000000616       0x43 ./Core/Src/SX1278.o
 .debug_macro   0x0000000000000659       0x34 ./Core/Src/SX1278.o
 .debug_macro   0x000000000000068d       0x10 ./Core/Src/SX1278.o
 .debug_macro   0x000000000000069d       0x58 ./Core/Src/SX1278.o
 .debug_macro   0x00000000000006f5       0x8e ./Core/Src/SX1278.o
 .debug_macro   0x0000000000000783       0x1c ./Core/Src/SX1278.o
 .debug_macro   0x000000000000079f      0x177 ./Core/Src/SX1278.o
 .debug_macro   0x0000000000000916      0x369 ./Core/Src/SX1278.o
 .debug_macro   0x0000000000000c7f       0x10 ./Core/Src/SX1278.o
 .debug_macro   0x0000000000000c8f       0x35 ./Core/Src/SX1278.o
 .debug_macro   0x0000000000000cc4       0x20 ./Core/Src/SX1278.o
 .debug_macro   0x0000000000000ce4      0x29e ./Core/Src/SX1278_hw.o
 .debug_macro   0x0000000000000f82       0x56 ./Core/Src/SX1278_hw.o
 .debug_macro   0x0000000000000fd8       0x40 ./Core/Src/SX1278_hw.o
 .debug_macro   0x0000000000001018      0x1ec ./Core/Src/main.o
 .debug_macro   0x0000000000001204      0x1c6 ./Core/Src/stm32f1xx_hal_msp.o
 .debug_macro   0x00000000000013ca      0x1d0 ./Core/Src/stm32f1xx_it.o
 .debug_macro   0x000000000000159a      0x1b7 ./Core/Src/system_stm32f1xx.o
 .debug_macro   0x0000000000001751      0x1db ./Drivers/STM32F1xx_HAL_Driver/Src/stm32f1xx_hal.o
 .debug_macro   0x000000000000192c      0x1d4 ./Drivers/STM32F1xx_HAL_Driver/Src/stm32f1xx_hal_adc.o
 .debug_macro   0x0000000000001b00      0x1b7 ./Drivers/STM32F1xx_HAL_Driver/Src/stm32f1xx_hal_cortex.o
 .debug_macro   0x0000000000001cb7      0x222 ./Drivers/STM32F1xx_HAL_Driver/Src/stm32f1xx_hal_gpio.o
 .debug_macro   0x0000000000001ed9      0x1c9 ./Drivers/STM32F1xx_HAL_Driver/Src/stm32f1xx_hal_rcc.o
 .debug_macro   0x00000000000020a2      0x1b7 ./Drivers/STM32F1xx_HAL_Driver/Src/stm32f1xx_hal_rcc_ex.o
 .debug_macro   0x0000000000002259      0x1bf ./Drivers/STM32F1xx_HAL_Driver/Src/stm32f1xx_hal_spi.o
 .debug_macro   0x0000000000002418      0x1b8 ./Drivers/STM32F1xx_HAL_Driver/Src/stm32f1xx_hal_tim.o
 .debug_macro   0x00000000000025d0      0x1b7 ./Drivers/STM32F1xx_HAL_Driver/Src/stm32f1xx_hal_tim_ex.o

.debug_line     0x0000000000000000     0xe678
 .debug_line    0x0000000000000000      0x991 ./Core/Src/SX1278.o
 .debug_line    0x0000000000000991      0x98c ./Core/Src/SX1278_hw.o
 .debug_line    0x000000000000131d      0x994 ./Core/Src/main.o
 .debug_line    0x0000000000001cb1      0x7ff ./Core/Src/stm32f1xx_hal_msp.o
 .debug_line    0x00000000000024b0      0x7ef ./Core/Src/stm32f1xx_it.o
 .debug_line    0x0000000000002c9f      0x7ab ./Core/Src/system_stm32f1xx.o
 .debug_line    0x000000000000344a       0x78 ./Core/Startup/startup_stm32f103c8tx.o
 .debug_line    0x00000000000034c2      0x9d8 ./Drivers/STM32F1xx_HAL_Driver/Src/stm32f1xx_hal.o
 .debug_line    0x0000000000003e9a     0x1055 ./Drivers/STM32F1xx_HAL_Driver/Src/stm32f1xx_hal_adc.o
 .debug_line    0x0000000000004eef      0xbc0 ./Drivers/STM32F1xx_HAL_Driver/Src/stm32f1xx_hal_cortex.o
 .debug_line    0x0000000000005aaf      0xa71 ./Drivers/STM32F1xx_HAL_Driver/Src/stm32f1xx_hal_gpio.o
 .debug_line    0x0000000000006520      0xde1 ./Drivers/STM32F1xx_HAL_Driver/Src/stm32f1xx_hal_rcc.o
 .debug_line    0x0000000000007301      0x91c ./Drivers/STM32F1xx_HAL_Driver/Src/stm32f1xx_hal_rcc_ex.o
 .debug_line    0x0000000000007c1d     0x1c60 ./Drivers/STM32F1xx_HAL_Driver/Src/stm32f1xx_hal_spi.o
 .debug_line    0x000000000000987d     0x34c4 ./Drivers/STM32F1xx_HAL_Driver/Src/stm32f1xx_hal_tim.o
 .debug_line    0x000000000000cd41     0x1937 ./Drivers/STM32F1xx_HAL_Driver/Src/stm32f1xx_hal_tim_ex.o

.debug_str      0x0000000000000000    0x8ec9f
 .debug_str     0x0000000000000000     0x7def ./Core/Src/SX1278.o
                                       0x8026 (size before relaxing)
 .debug_str     0x0000000000007def    0x83b57 ./Core/Src/SX1278_hw.o
                                      0x8aee2 (size before relaxing)
 .debug_str     0x000000000008b946      0x7e0 ./Core/Src/main.o
                                      0x89239 (size before relaxing)
 .debug_str     0x000000000008c126       0xee ./Core/Src/stm32f1xx_hal_msp.o
                                      0x88160 (size before relaxing)
 .debug_str     0x000000000008c214       0xc9 ./Core/Src/stm32f1xx_it.o
                                      0x878b3 (size before relaxing)
 .debug_str     0x000000000008c2dd       0x7e ./Core/Src/system_stm32f1xx.o
                                      0x877ff (size before relaxing)
 .debug_str     0x000000000008c35b       0x34 ./Core/Startup/startup_stm32f103c8tx.o
                                         0x6d (size before relaxing)
 .debug_str     0x000000000008c38f      0x5fd ./Drivers/STM32F1xx_HAL_Driver/Src/stm32f1xx_hal.o
                                      0x87f32 (size before relaxing)
 .debug_str     0x000000000008c98c      0x36c ./Drivers/STM32F1xx_HAL_Driver/Src/stm32f1xx_hal_adc.o
                                      0x87ee3 (size before relaxing)
 .debug_str     0x000000000008ccf8      0x2bb ./Drivers/STM32F1xx_HAL_Driver/Src/stm32f1xx_hal_cortex.o
                                      0x87e7e (size before relaxing)
 .debug_str     0x000000000008cfb3      0x2d0 ./Drivers/STM32F1xx_HAL_Driver/Src/stm32f1xx_hal_gpio.o
                                      0x87b85 (size before relaxing)
 .debug_str     0x000000000008d283      0x229 ./Drivers/STM32F1xx_HAL_Driver/Src/stm32f1xx_hal_rcc.o
                                      0x87c2e (size before relaxing)
 .debug_str     0x000000000008d4ac       0x7a ./Drivers/STM32F1xx_HAL_Driver/Src/stm32f1xx_hal_rcc_ex.o
                                      0x8797e (size before relaxing)
 .debug_str     0x000000000008d526      0x50d ./Drivers/STM32F1xx_HAL_Driver/Src/stm32f1xx_hal_spi.o
                                      0x8812b (size before relaxing)
 .debug_str     0x000000000008da33      0xdd9 ./Drivers/STM32F1xx_HAL_Driver/Src/stm32f1xx_hal_tim.o
                                      0x88c20 (size before relaxing)
 .debug_str     0x000000000008e80c      0x493 ./Drivers/STM32F1xx_HAL_Driver/Src/stm32f1xx_hal_tim_ex.o
                                      0x8843c (size before relaxing)

.debug_frame    0x0000000000000000     0x3790
 .debug_frame   0x0000000000000000      0x2e4 ./Core/Src/SX1278.o
 .debug_frame   0x00000000000002e4      0x10c ./Core/Src/SX1278_hw.o
 .debug_frame   0x00000000000003f0       0xf4 ./Core/Src/main.o
 .debug_frame   0x00000000000004e4      0x118 ./Core/Src/stm32f1xx_hal_msp.o
 .debug_frame   0x00000000000005fc      0x104 ./Core/Src/stm32f1xx_it.o
 .debug_frame   0x0000000000000700       0x58 ./Core/Src/system_stm32f1xx.o
 .debug_frame   0x0000000000000758      0x334 ./Drivers/STM32F1xx_HAL_Driver/Src/stm32f1xx_hal.o
 .debug_frame   0x0000000000000a8c      0x40c ./Drivers/STM32F1xx_HAL_Driver/Src/stm32f1xx_hal_adc.o
 .debug_frame   0x0000000000000e98      0x428 ./Drivers/STM32F1xx_HAL_Driver/Src/stm32f1xx_hal_cortex.o
 .debug_frame   0x00000000000012c0      0x14c ./Drivers/STM32F1xx_HAL_Driver/Src/stm32f1xx_hal_gpio.o
 .debug_frame   0x000000000000140c      0x218 ./Drivers/STM32F1xx_HAL_Driver/Src/stm32f1xx_hal_rcc.o
 .debug_frame   0x0000000000001624       0x80 ./Drivers/STM32F1xx_HAL_Driver/Src/stm32f1xx_hal_rcc_ex.o
 .debug_frame   0x00000000000016a4      0x824 ./Drivers/STM32F1xx_HAL_Driver/Src/stm32f1xx_hal_spi.o
 .debug_frame   0x0000000000001ec8     0x11bc ./Drivers/STM32F1xx_HAL_Driver/Src/stm32f1xx_hal_tim.o
 .debug_frame   0x0000000000003084      0x638 ./Drivers/STM32F1xx_HAL_Driver/Src/stm32f1xx_hal_tim_ex.o
 .debug_frame   0x00000000000036bc       0x20 C:/ST/STM32CubeIDE_1.13.1/STM32CubeIDE/plugins/com.st.stm32cube.ide.mcu.externaltools.gnu-tools-for-stm32.11.3.rel1.win32_1.1.0.202305231506/tools/bin/../lib/gcc/arm-none-eabi/11.3.1/../../../../arm-none-eabi/lib/thumb/v7-m/nofp\libc_nano.a(libc_a-memset.o)
 .debug_frame   0x00000000000036dc       0x2c C:/ST/STM32CubeIDE_1.13.1/STM32CubeIDE/plugins/com.st.stm32cube.ide.mcu.externaltools.gnu-tools-for-stm32.11.3.rel1.win32_1.1.0.202305231506/tools/bin/../lib/gcc/arm-none-eabi/11.3.1/../../../../arm-none-eabi/lib/thumb/v7-m/nofp\libc_nano.a(libc_a-init.o)
 .debug_frame   0x0000000000003708       0x28 C:/ST/STM32CubeIDE_1.13.1/STM32CubeIDE/plugins/com.st.stm32cube.ide.mcu.externaltools.gnu-tools-for-stm32.11.3.rel1.win32_1.1.0.202305231506/tools/bin/../lib/gcc/arm-none-eabi/11.3.1/../../../../arm-none-eabi/lib/thumb/v7-m/nofp\libc_nano.a(libc_a-memcpy-stub.o)
 .debug_frame   0x0000000000003730       0x2c C:/ST/STM32CubeIDE_1.13.1/STM32CubeIDE/plugins/com.st.stm32cube.ide.mcu.externaltools.gnu-tools-for-stm32.11.3.rel1.win32_1.1.0.202305231506/tools/bin/../lib/gcc/arm-none-eabi/11.3.1/thumb/v7-m/nofp\libgcc.a(_aeabi_uldivmod.o)
 .debug_frame   0x000000000000375c       0x34 C:/ST/STM32CubeIDE_1.13.1/STM32CubeIDE/plugins/com.st.stm32cube.ide.mcu.externaltools.gnu-tools-for-stm32.11.3.rel1.win32_1.1.0.202305231506/tools/bin/../lib/gcc/arm-none-eabi/11.3.1/thumb/v7-m/nofp\libgcc.a(_udivmoddi4.o)

.debug_line_str
                0x0000000000000000       0x61
 .debug_line_str
                0x0000000000000000       0x61 ./Core/Startup/startup_stm32f103c8tx.o
                                         0x79 (size before relaxing)
