../Core/Src/main.c:59:6:delay	16	static
../Core/Src/main.c:71:6:Set_Pin_Output	32	static
../Core/Src/main.c:80:6:Set_Pin_Input	32	static
../Core/Src/main.c:93:6:DHT11_Start	8	static
../Core/Src/main.c:101:9:Check_Response	16	static
../Core/Src/main.c:117:9:DHT11_Read	16	static
../Core/Src/main.c:141:5:main	8	static
../Core/Src/main.c:197:6:SystemClock_Config	72	static
../Core/Src/main.c:237:13:MX_TIM1_Init	32	static
../Core/Src/main.c:283:13:MX_GPIO_Init	32	static
../Core/Src/main.c:315:6:Error_Handler	4	static,ignoring_inline_asm
