../Core/Src/main.c:63:6:delay	16	static
../Core/Src/main.c:75:6:Set_Pin_Output	32	static
../Core/Src/main.c:84:6:Set_Pin_Input	32	static
../Core/Src/main.c:97:6:DHT11_Start	8	static
../Core/Src/main.c:107:9:Check_Response	16	static
../Core/Src/main.c:123:9:DHT11_Read	16	static
../Core/Src/main.c:153:5:main	32	static
../Core/Src/main.c:268:6:SystemClock_Config	72	static
../Core/Src/main.c:308:13:MX_SPI1_Init	8	static
../Core/Src/main.c:346:13:MX_TIM1_Init	32	static
../Core/Src/main.c:392:13:MX_GPIO_Init	40	static
../Core/Src/main.c:455:6:Error_Handler	4	static,ignoring_inline_asm
